// Jest Snapshot v1, https://goo.gl/fbAQLP

exports[`ptr nofree %pointer 1`] = `"ptr nofree %pointer"`;
