// Jest Snapshot v1, https://goo.gl/fbAQLP

exports[`double 1`] = `"double"`;
