// Jest Snapshot v1, https://goo.gl/fbAQLP

exports[`hi 1`] = `"c\\"hi\\""`;
