// Jest Snapshot v1, https://goo.gl/fbAQLP

exports[`ptr 1`] = `"ptr"`;
