// Jest Snapshot v1, https://goo.gl/fbAQLP

exports[`%var = call i1 @someFn() 1`] = `"%var = call i1 @someFn()"`;
