// Jest Snapshot v1, https://goo.gl/fbAQLP

exports[`declare void @someFn(ptr nofree, i1) 1`] = `"declare void @someFn(ptr nofree, i1)"`;
