// Jest Snapshot v1, https://goo.gl/fbAQLP

exports[`hello world example 1`] = `actual node`;
