// Jest Snapshot v1, https://goo.gl/fbAQLP

exports[`%magic 1`] = `"%magic"`;
