// Jest Snapshot v1, https://goo.gl/fbAQLP

exports[`just global variable 1`] = `"@0 = private unnamed_addr constant i32 69"`;
