// Jest Snapshot v1, https://goo.gl/fbAQLP

exports[`@0 = private unnamed_addr constant [13 x i8] c"Hello World!\\00" 1`] = `"@0 = private unnamed_addr constant [13 x i8] c\\"Hello World!\\\\00\\""`;
