// Jest Snapshot v1, https://goo.gl/fbAQLP

exports[`void 1`] = `"void"`;
