// Jest Snapshot v1, https://goo.gl/fbAQLP

exports[`i8 1`] = `"i8"`;
