// Jest Snapshot v1, https://goo.gl/fbAQLP

exports[`1.2 1`] = `"1.2"`;
