// Jest Snapshot v1, https://goo.gl/fbAQLP

exports[`simple function 1`] = `
"define i1 @main() {  
  0:  
    ret i1 0
}"
`;
