// Jest Snapshot v1, https://goo.gl/fbAQLP

exports[`ret i1 0 1`] = `"ret i1 0"`;
