// Jest Snapshot v1, https://goo.gl/fbAQLP

exports[`< < 1`] = `"Invalid token"`;

exports[`< 1`] = `"No token"`;
